@petsun23% airthresh ap5261tr1_g3.img ap5261ho1_g3.img 1 99
-----
Aligning with threshold = 0.01 x maximum
   Cost function: 0.00554791     Vector distance: 6.391391
-----
Aligning with threshold = 0.02 x maximum
   Cost function: 0.00553745     Vector distance: 5.436551
-----
Aligning with threshold = 0.03 x maximum
   Cost function: 0.00539966     Vector distance: 4.821064
-----
Aligning with threshold = 0.04 x maximum
   Cost function: 0.00522154     Vector distance: 4.331747
-----
Aligning with threshold = 0.05 x maximum
   Cost function: 0.00502718     Vector distance: 4.113152
-----
Aligning with threshold = 0.06 x maximum
   Cost function: 0.00484162     Vector distance: 4.085885
-----
Aligning with threshold = 0.07 x maximum
   Cost function: 0.00467428     Vector distance: 4.193281
-----
Aligning with threshold = 0.08 x maximum
   Cost function: 0.0045517     Vector distance: 4.141365
-----
Aligning with threshold = 0.09 x maximum
   Cost function: 0.00439745     Vector distance: 4.499156
-----
Aligning with threshold = 0.1 x maximum
   Cost function: 0.00426469     Vector distance: 4.706992
-----
Aligning with threshold = 0.11 x maximum
   Cost function: 0.00417148     Vector distance: 5.292601
-----
Aligning with threshold = 0.12 x maximum
   Cost function: 0.00409895     Vector distance: 5.808923
-----
Aligning with threshold = 0.13 x maximum
   Cost function: 0.00403525     Vector distance: 6.123809
-----
Aligning with threshold = 0.14 x maximum
   Cost function: 0.00398379     Vector distance: 7.037703
-----
Aligning with threshold = 0.15 x maximum
   Cost function: 0.00391002     Vector distance: 7.762207
-----
Aligning with threshold = 0.17 x maximum
   Cost function: 0.00387714     Vector distance: 7.625737
-----
Aligning with threshold = 0.18 x maximum
   Cost function: 0.00384766     Vector distance: 9.308276
-----
Aligning with threshold = 0.19 x maximum
   Cost function: 0.00382     Vector distance: 9.362177
-----
Aligning with threshold = 0.2 x maximum
   Cost function: 0.00380229     Vector distance: 8.985718
-----
Aligning with threshold = 0.21 x maximum
   Cost function: 0.00376129     Vector distance: 9.067816
-----
Aligning with threshold = 0.22 x maximum
   Cost function: 0.00373778     Vector distance: 9.328691
-----
Aligning with threshold = 0.23 x maximum
   Cost function: 0.00372343     Vector distance: 9.847436
-----
Aligning with threshold = 0.24 x maximum
   Cost function: 0.00369887     Vector distance: 9.600645
-----
Aligning with threshold = 0.25 x maximum
   Cost function: 0.00366294     Vector distance: 9.565915
-----
Aligning with threshold = 0.26 x maximum
   Cost function: 0.00361433     Vector distance: 9.393594
-----
Aligning with threshold = 0.27 x maximum
   Cost function: 0.00356483     Vector distance: 9.009817
-----
Aligning with threshold = 0.28 x maximum
   Cost function: 0.00358003     Vector distance: 6.236672
-----
Aligning with threshold = 0.29 x maximum
   Cost function: 0.00353345     Vector distance: 5.105497
-----
Aligning with threshold = 0.3 x maximum
   Cost function: 0.00350339     Vector distance: 4.156996
-----
Aligning with threshold = 0.31 x maximum
   Cost function: 0.00347905     Vector distance: 3.391465
-----
Aligning with threshold = 0.32 x maximum
   Cost function: 0.00344838     Vector distance: 3.108717
-----
Aligning with threshold = 0.33 x maximum
   Cost function: 0.00339208     Vector distance: 3.452234
-----
Aligning with threshold = 0.34 x maximum
   Cost function: 0.00337916     Vector distance: 2.619486
-----
Aligning with threshold = 0.35 x maximum
   Cost function: 0.00336545     Vector distance: 2.708666
-----
Aligning with threshold = 0.36 x maximum
   Cost function: 0.00335104     Vector distance: 2.468656
-----
Aligning with threshold = 0.37 x maximum
   Cost function: 0.00334143     Vector distance: 2.116597
-----
Aligning with threshold = 0.38 x maximum
   Cost function: 0.00333391     Vector distance: 2.508074
-----
Aligning with threshold = 0.39 x maximum
   Cost function: 0.00333826     Vector distance: 2.164235
-----
Aligning with threshold = 0.4 x maximum
   Cost function: 0.0032883     Vector distance: 1.923202
-----
Aligning with threshold = 0.41 x maximum
   Cost function: 0.00320555     Vector distance: 1.769261
-----
Aligning with threshold = 0.42 x maximum
   Cost function: 0.00312615     Vector distance: 1.511581
-----
Aligning with threshold = 0.43 x maximum
   Cost function: 0.00304541     Vector distance: 0.981006
-----
Aligning with threshold = 0.44 x maximum
   Cost function: 0.00298575     Vector distance: 0.595547
-----
Aligning with threshold = 0.45 x maximum
   Cost function: 0.0029308     Vector distance: 1.553842
-----
Aligning with threshold = 0.46 x maximum
   Cost function: 0.00287084     Vector distance: 1.304978
-----
Aligning with threshold = 0.47 x maximum
   Cost function: 0.00281873     Vector distance: 2.096030
-----
Aligning with threshold = 0.48 x maximum
   Cost function: 0.00279266     Vector distance: 3.224340
-----
Aligning with threshold = 0.49 x maximum
   Cost function: 0.00278866     Vector distance: 3.328348
-----
Aligning with threshold = 0.5 x maximum
   Cost function: 0.00279584     Vector distance: 5.108022
-----
Aligning with threshold = 0.51 x maximum
   Cost function: 0.0028698     Vector distance: 0.000000
-----
Aligning with threshold = 0.52 x maximum
   Cost function: 0.00287799     Vector distance: 0.000000
-----
Aligning with threshold = 0.53 x maximum
   Cost function: 0.00291159     Vector distance: 0.000000
-----
Aligning with threshold = 0.54 x maximum
   Cost function: 0.00296944     Vector distance: 0.000000
-----
Aligning with threshold = 0.55 x maximum
   Cost function: 0.00304408     Vector distance: 0.000000
-----
Aligning with threshold = 0.56 x maximum
   Cost function: 0.00295305     Vector distance: 0.000000
-----
Aligning with threshold = 0.57 x maximum
   Cost function: 0.00282577     Vector distance: 0.000000
-----
Aligning with threshold = 0.58 x maximum
   Cost function: 0.00270923     Vector distance: 0.000000
-----
Aligning with threshold = 0.59 x maximum
   Cost function: 0.00260497     Vector distance: 0.000000
-----
Aligning with threshold = 0.6 x maximum
   Cost function: 0.00249748     Vector distance: 0.000000
-----
Aligning with threshold = 0.61 x maximum
   Cost function: 0.00241047     Vector distance: 0.000000
-----
Aligning with threshold = 0.62 x maximum
   Cost function: 0.00234487     Vector distance: 0.000000
-----
Aligning with threshold = 0.63 x maximum
   Cost function: 0.00229156     Vector distance: 0.000000
-----
Aligning with threshold = 0.64 x maximum
   Cost function: 0.00226031     Vector distance: 0.000000
-----
Aligning with threshold = 0.65 x maximum
   Cost function: 0.00225233     Vector distance: 0.000000
-----
Aligning with threshold = 0.66 x maximum
   Cost function: 0.00228312     Vector distance: 0.000000
-----
Aligning with threshold = 0.67 x maximum
   Cost function: 0.00235213     Vector distance: 0.000000
-----
Aligning with threshold = 0.68 x maximum
   Cost function: 0.00242366     Vector distance: 0.000000
-----
Aligning with threshold = 0.69 x maximum
   Cost function: 0.00256243     Vector distance: 0.000000
-----
Aligning with threshold = 0.7 x maximum
   Cost function: 0.00274959     Vector distance: 0.000000
-----
Aligning with threshold = 0.71 x maximum
   Cost function: 0.00291849     Vector distance: 0.000000
-----
Aligning with threshold = 0.72 x maximum
   Cost function: 0.00285261     Vector distance: 0.000000
-----
Aligning with threshold = 0.73 x maximum
   Cost function: 0.0027922     Vector distance: 0.000000
-----
Aligning with threshold = 0.74 x maximum
   Cost function: 0.00268587     Vector distance: 0.000000
-----
Aligning with threshold = 0.75 x maximum
   Cost function: 0.0025711     Vector distance: 0.000000
-----
Aligning with threshold = 0.76 x maximum
   Cost function: 0.00246917     Vector distance: 0.000000
-----
Aligning with threshold = 0.77 x maximum
   Cost function: 0.00236461     Vector distance: 0.000000
-----
Aligning with threshold = 0.78 x maximum
   Cost function: 0.00225274     Vector distance: 0.000000
-----
Aligning with threshold = 0.79 x maximum
   Cost function: 0.00211616     Vector distance: 0.000000
-----
Aligning with threshold = 0.8 x maximum
   Cost function: 0.00202176     Vector distance: 0.000000
-----
Aligning with threshold = 0.81 x maximum
   Cost function: 0.00191689     Vector distance: 0.000000
-----
Aligning with threshold = 0.82 x maximum
   Cost function: 0.00182994     Vector distance: 0.000000
-----
Aligning with threshold = 0.83 x maximum
   Cost function: 0.0016143     Vector distance: 12.524006
-----
Aligning with threshold = 0.84 x maximum
   Cost function: 0.00154298     Vector distance: 14.715480
-----
Aligning with threshold = 0.85 x maximum
   Cost function: 0.00174646     Vector distance: 38.718052
-----
Aligning with threshold = 0.86 x maximum
   Cost function: 0.00169134     Vector distance: 38.173389
-----
Aligning with threshold = 0.87 x maximum
   Cost function: 0.00162837     Vector distance: 143.043427
-----
Aligning with threshold = 0.88 x maximum
   Cost function: 0.00165816     Vector distance: 0.000000
-----
Aligning with threshold = 0.89 x maximum
   Cost function: 0.00159919     Vector distance: 0.000000
-----
Aligning with threshold = 0.9 x maximum
   Cost function: 0.00153636     Vector distance: 0.000000
-----
Aligning with threshold = 0.91 x maximum
   Cost function: 0.00143776     Vector distance: 0.000000
-----
Aligning with threshold = 0.92 x maximum
   Cost function: 0.00134621     Vector distance: 0.000000
-----
Aligning with threshold = 0.93 x maximum
   Cost function: 0.00114193     Vector distance: 0.000000
-----
Aligning with threshold = 0.94 x maximum
   Cost function: 0.00109075     Vector distance: 0.000000
-----
Aligning with threshold = 0.95 x maximum
   Cost function:      Vector distance: 0.000000
-----
Aligning with threshold = 0.96 x maximum
   Cost function:      Vector distance: 0.000000
-----
Aligning with threshold = 0.97 x maximum
   Cost function:      Vector distance: 0.000000
-----
Aligning with threshold = 0.98 x maximum
   Cost function:      Vector distance: 0.000000
-----
Aligning with threshold = 0.99 x maximum
   Cost function:      Vector distance: 0.000000
-----



